// Jest Snapshot v1, https://goo.gl/fbAQLP

exports[`<LabelCategory /> LabelCategory renders correctly 1`] = `
<View
  accessibilityState={
    {
      "busy": undefined,
      "checked": undefined,
      "disabled": undefined,
      "expanded": undefined,
      "selected": undefined,
    }
  }
  accessibilityValue={
    {
      "max": undefined,
      "min": undefined,
      "now": undefined,
      "text": undefined,
    }
  }
  accessible={true}
  collapsable={false}
  focusable={true}
  href="./labeling/plastic"
  onBlur={[Function]}
  onClick={[Function]}
  onFocus={[Function]}
  onResponderGrant={[Function]}
  onResponderMove={[Function]}
  onResponderRelease={[Function]}
  onResponderTerminate={[Function]}
  onResponderTerminationRequest={[Function]}
  onStartShouldSetResponder={[Function]}
  role="link"
  style={
    {
      "backgroundColor": "#fff",
      "borderColor": "#e1e1e1",
      "borderRadius": 20,
      "borderWidth": 1,
      "marginVertical": 4,
      "padding": 20,
      "width": "100%",
    }
  }
>
  <View
    style={
      {
        "alignItems": "center",
        "flexDirection": "row",
        "justifyContent": "space-between",
        "paddingVertical": 8,
        "width": "100%",
      }
    }
  >
    <View
      style={
        {
          "alignItems": "center",
          "flexDirection": "row",
          "gap": 16,
        }
      }
    >
      <View
        style={
          {
            "backgroundColor": "#86B38A",
            "borderRadius": 18,
            "height": 36,
            "padding": 6,
            "width": 36,
          }
        }
      >
        <Text />
      </View>
      <Text
        style={
          [
            {
              "fontSize": 18,
            },
            {
              "color": "#11181C",
            },
          ]
        }
      >
        Plastic
      </Text>
    </View>
    <Text />
  </View>
</View>
`;
